MPLINK 5.09, LINKER
Linker Map File - Created Mon Apr 12 17:29:02 2021

                                 Section Info
                  Section       Type    Address   Location Size(Bytes)
                ---------  ---------  ---------  ---------  ---------
                 RES_VECT       code   0x000000    program   0x000010
                   .cinit    romdata   0x000008    program   0x000004
                MAIN_PROG       code   0x00000a    program   0x000122
.config_2007_BUILD/DEFAULT/PRODUCTION/LCDNOMB       code   0x002007    program   0x000002



                              Program Memory Usage 
                               Start         End      
                           ---------   ---------      
                            0x000000    0x00009a      
                            0x002007    0x002007      
            156 out of 2182 program addresses used, program memory utilization is 7%



                              Symbols - Sorted by Name
                     Name    Address   Location    Storage File                     
                ---------  ---------  ---------  --------- ---------                
                   INICIO   0x000026    program     static C:\Users\angel\OneDrive\Desktop\lcdnombre.X\lcdnombre.asm
                  INITLCD   0x000013    program     static C:\Users\angel\OneDrive\Desktop\lcdnombre.X\lcdnombre.asm
                    START   0x00000a    program     static C:\Users\angel\OneDrive\Desktop\lcdnombre.X\lcdnombre.asm
          _MAIN_PROG_008D   0x000097    program     static C:\Users\angel\OneDrive\Desktop\lcdnombre.X\lcdnombre.asm
                    ciclo   0x000094    program     static C:\Users\angel\OneDrive\Desktop\lcdnombre.X\lcdnombre.asm
                     exec   0x00008c    program     static C:\Users\angel\OneDrive\Desktop\lcdnombre.X\lcdnombre.asm
                     time   0x000091    program     static C:\Users\angel\OneDrive\Desktop\lcdnombre.X\lcdnombre.asm



                              Symbols - Sorted by Address
                     Name    Address   Location    Storage File                     
                ---------  ---------  ---------  --------- ---------                
                    START   0x00000a    program     static C:\Users\angel\OneDrive\Desktop\lcdnombre.X\lcdnombre.asm
                  INITLCD   0x000013    program     static C:\Users\angel\OneDrive\Desktop\lcdnombre.X\lcdnombre.asm
                   INICIO   0x000026    program     static C:\Users\angel\OneDrive\Desktop\lcdnombre.X\lcdnombre.asm
                     exec   0x00008c    program     static C:\Users\angel\OneDrive\Desktop\lcdnombre.X\lcdnombre.asm
                     time   0x000091    program     static C:\Users\angel\OneDrive\Desktop\lcdnombre.X\lcdnombre.asm
                    ciclo   0x000094    program     static C:\Users\angel\OneDrive\Desktop\lcdnombre.X\lcdnombre.asm
          _MAIN_PROG_008D   0x000097    program     static C:\Users\angel\OneDrive\Desktop\lcdnombre.X\lcdnombre.asm


